2026-04-10 01:35:13,262 [INFO] Docker container not running — status: offline
2026-04-10 01:35:23,770 [INFO] Starting Docker container in detached mode
2026-04-10 01:35:54,497 [ERROR] Boot failed: 
2026-04-10 01:36:07,547 [INFO] Docker container running — status: booted
2026-04-10 01:37:49,345 [INFO] Container stopped and removed
2026-04-10 02:02:45,393 [INFO] Docker container not running — status: offline
2026-04-10 02:03:06,734 [INFO] Starting Docker container in detached mode
2026-04-10 02:03:07,540 [INFO] docker run output: e18a21dd73f4656c6a976e06a202475fe7c8f1e5aa5834612b7216d88672420e
2026-04-10 02:03:10,359 [INFO] Container started successfully
2026-04-10 02:03:39,268 [INFO] Container stopped and removed
2026-04-10 02:06:43,920 [INFO] Docker container not running — status: offline
2026-04-10 02:07:22,865 [INFO] Docker container not running — status: offline
2026-04-10 02:07:27,114 [INFO] Starting Docker container in detached mode
2026-04-10 02:07:27,718 [INFO] docker run output: 1e53494f33a4bd7d9018888bccd98d9d9ab99aada59debcdb5d40dd70da21088
2026-04-10 02:07:30,234 [INFO] Container started successfully
2026-04-10 02:08:10,145 [INFO] Docker container running — status: booted
2026-04-10 02:08:21,036 [INFO] Docker container running — status: booted
2026-04-10 02:13:21,687 [INFO] Container stopped and removed
2026-04-10 02:15:28,642 [INFO] Docker container not running — status: offline
2026-04-10 11:01:52,335 [ERROR] Status check failed: SSH connection closed
2026-04-10 11:08:45,052 [INFO] Docker container not running — status: offline
2026-04-10 11:08:54,748 [INFO] Starting Docker container in detached mode
2026-04-10 11:08:55,555 [INFO] docker run output: 7ce07ee9ebe25919371e59e761b5d0f73a6bc89983674f477c61a50ceaac5d54
2026-04-10 11:08:57,970 [INFO] Container started successfully
2026-04-10 11:09:14,743 [INFO] Docker container running — status: booted
2026-04-10 11:09:20,833 [INFO] Container stopped and removed
2026-04-10 11:35:20,127 [INFO] Docker container not running — status: offline
2026-04-10 11:36:39,105 [INFO] Docker container not running — status: offline
2026-04-10 11:36:56,625 [INFO] Starting Docker container in detached mode
2026-04-10 11:36:57,231 [INFO] docker run output: 167cfa7c7590ac11cde02c4bccbd705c9dffb9b557a1235d12970e6e4d26f619
2026-04-10 11:36:59,746 [INFO] Container started successfully
2026-04-10 11:39:58,710 [INFO] Container stopped and removed
