2026-04-10 11:36:36,368 [INFO] Docker container not running — status: offline
2026-04-10 11:36:55,611 [INFO] Starting Docker container in detached mode
2026-04-10 11:37:19,225 [INFO] docker run output: f7c0b2d4ce382d179d986792c2e2a78b76d03d9f61e0b4a55994cb9fd16467c7
2026-04-10 11:37:19,326 [WARNING] docker run stderr: Unable to find image 'firefall/cluster_piper_env:v1' locally
v1: Pulling from firefall/cluster_piper_env
7e49dc6156b0: Already exists
f0141529a775: Already exists
8a33ee036c17: Already exists
b077c07b8ae5: Already exists
0f68bb720c68: Already exists
66580f77fd4c: Already exists
09cff80b11e7: Already exists
91d91a7c7692: Already exists
c3fa9edd4f4c: Already exists
46530456e388: Already exists
b0581298a7a3: Already exists
b31a9b9a3bd3: Already exists
785e2c97f95f: Already exists
bdc1fc764c89: Already exists
90ba925920ba: Already exists
9f870436124f: Already exists
732d02a3684c: Already exists
ea4ba0e8c657: Already exists
cb4896ca45fe: Already exists
4db009601e72: Already exists
d2d950dbb8dc: Already exists
405b5893e10b: Already exists
b04bcd5dfdd4: Already exists
1818efcedc38: Already exists
655b1656783c: Already exists
2d75117caf0c: Already exists
e7759762e2a1: Already exists
980afb2860f8: Already exists
7431cb3d81a1: Already exists
fe76251d8bc6: Already exists
9b4134e1dddb: Already exists
271e2093113e: Already exists
fe2b6f1451f3: Already exists
b459cf1d3b83: Already exists
ec13a3472fae: Already exists
badad1de7bf6: Already exists
a503a68d1f4e: Already exists
ae22b881eea8: Already exists
30b3aca2fba0: Already exists
b11be751cc72: Already exists
0fa072c08f46: Already exists
1c3d9effa68f: Already exists
c6edbe778426: Already exists
6083750fc0a7: Pulling fs layer
8ba5436245a3: Pulling fs layer
8ba5436245a3: Verifying Checksum
8ba5436245a3: Download complete
6083750fc0a7: Verifying Checksum
6083750fc0a7: Download complete
6083750fc0a7: Pull complete
8ba5436245a3: Pull complete
Digest: sha256:e0b753ad54496af56d82d9230372960c7281cca6d6ce08818da876588ef0f95c
Status: Downloaded newer image for firefall/cluster_piper_env:v1
2026-04-10 11:37:21,945 [INFO] Container started successfully
2026-04-10 11:39:58,004 [INFO] Container stopped and removed
2026-04-10 11:43:22,789 [INFO] Docker container not running — status: offline
2026-04-10 11:45:04,317 [ERROR] Status check failed: SSH connection closed
2026-04-10 11:45:26,319 [INFO] Docker container not running — status: offline
2026-04-10 12:17:38,726 [INFO] Docker container not running — status: offline
2026-04-10 12:17:52,848 [INFO] Starting Docker container in detached mode
2026-04-10 12:17:53,554 [INFO] docker run output: fb9602d7e0513f2f33c4e86f322a50de80a2b94a5c8eac4f058dad6ce4adadb5
2026-04-10 12:17:56,381 [INFO] Container started successfully
2026-04-10 12:20:08,662 [INFO] Docker container running — status: booted
2026-04-10 12:20:50,427 [INFO] Container stopped and removed
2026-04-10 14:29:19,837 [INFO] Docker container not running — status: offline
2026-04-10 14:29:33,788 [INFO] Starting Docker container in detached mode
2026-04-10 14:29:34,897 [INFO] docker run output: 6016fac88b5fdd610437807fe1cb6bdf410f5de53e1178b0e62db561ded52948
2026-04-10 14:29:37,826 [INFO] Container started successfully
2026-04-10 14:36:53,342 [INFO] Container stopped and removed
2026-04-11 16:13:36,978 [INFO] Docker container not running — status: offline
