2026-04-10 01:35:11,652 [INFO] Docker container not running — status: offline
2026-04-10 01:35:23,266 [INFO] Starting Docker container in detached mode
2026-04-10 01:35:25,586 [INFO] docker run output: 0eaadaf9dc1fa2e71e8fff87c42292eed40602dcf4c1e23e3c238fd58e7e069c
2026-04-10 01:35:25,586 [WARNING] docker run stderr: Unable to find image 'firefall/cluster_piper_env:v1' locally
v1: Pulling from firefall/cluster_piper_env
7e49dc6156b0: Already exists
f0141529a775: Already exists
8a33ee036c17: Already exists
b077c07b8ae5: Already exists
0f68bb720c68: Already exists
66580f77fd4c: Already exists
09cff80b11e7: Already exists
91d91a7c7692: Already exists
c3fa9edd4f4c: Already exists
46530456e388: Already exists
b0581298a7a3: Already exists
b31a9b9a3bd3: Already exists
785e2c97f95f: Already exists
bdc1fc764c89: Already exists
90ba925920ba: Already exists
9f870436124f: Already exists
732d02a3684c: Already exists
ea4ba0e8c657: Already exists
cb4896ca45fe: Already exists
4db009601e72: Already exists
d2d950dbb8dc: Already exists
405b5893e10b: Already exists
b04bcd5dfdd4: Already exists
1818efcedc38: Already exists
655b1656783c: Already exists
2d75117caf0c: Already exists
e7759762e2a1: Already exists
980afb2860f8: Already exists
7431cb3d81a1: Already exists
fe76251d8bc6: Already exists
9b4134e1dddb: Already exists
271e2093113e: Already exists
fe2b6f1451f3: Already exists
b459cf1d3b83: Already exists
ec13a3472fae: Already exists
badad1de7bf6: Already exists
a503a68d1f4e: Already exists
ae22b881eea8: Already exists
30b3aca2fba0: Already exists
b11be751cc72: Already exists
0fa072c08f46: Already exists
1c3d9effa68f: Already exists
c6edbe778426: Already exists
6083750fc0a7: Already exists
8ba5436245a3: Pulling fs layer
8ba5436245a3: Download complete
8ba5436245a3: Pull complete
Digest: sha256:e0b753ad54496af56d82d9230372960c7281cca6d6ce08818da876588ef0f95c
Status: Downloaded newer image for firefall/cluster_piper_env:v1
2026-04-10 01:35:28,501 [INFO] Container started successfully
2026-04-10 01:36:07,244 [INFO] Docker container running — status: booted
2026-04-10 01:37:48,841 [INFO] Container stopped and removed
2026-04-10 02:02:43,781 [INFO] Docker container not running — status: offline
2026-04-10 02:03:06,330 [INFO] Starting Docker container in detached mode
2026-04-10 02:03:06,935 [INFO] docker run output: 090fe1a48a0673cc106778040de15dfd1566db483af0ef2938d5bc73d5144ad3
2026-04-10 02:03:09,453 [INFO] Container started successfully
2026-04-10 02:03:39,066 [INFO] Container stopped and removed
2026-04-10 02:06:42,007 [INFO] Docker container not running — status: offline
2026-04-10 02:07:22,663 [INFO] Docker container not running — status: offline
2026-04-10 02:07:26,810 [INFO] Starting Docker container in detached mode
2026-04-10 02:07:27,316 [INFO] docker run output: 46a2651687cf0e9544343935fe5f06776746a976a93511388be319b60581d2bb
2026-04-10 02:07:30,032 [INFO] Container started successfully
2026-04-10 02:08:09,742 [INFO] Docker container running — status: booted
2026-04-10 02:08:19,625 [INFO] Docker container running — status: booted
2026-04-10 02:13:21,385 [INFO] Container stopped and removed
2026-04-10 02:15:27,030 [INFO] Docker container not running — status: offline
2026-04-10 11:01:52,317 [INFO] Docker container not running — status: offline
2026-04-10 11:08:43,239 [INFO] Docker container not running — status: offline
2026-04-10 11:08:54,445 [INFO] Starting Docker container in detached mode
2026-04-10 11:08:54,849 [INFO] docker run output: 704c488d82d2d70c42fb2e400780c71bb7b67e499fb5b7b358d7331ec3771686
2026-04-10 11:08:57,466 [INFO] Container started successfully
2026-04-10 11:09:14,038 [INFO] Docker container running — status: booted
2026-04-10 11:09:20,026 [INFO] Container stopped and removed
2026-04-10 11:35:18,212 [INFO] Docker container not running — status: offline
2026-04-10 11:36:37,996 [INFO] Docker container not running — status: offline
2026-04-10 11:36:56,524 [INFO] Starting Docker container in detached mode
2026-04-10 11:36:57,231 [INFO] docker run output: b060812f1d5338938f5d90c7244d3ed69c4997d2992550cdbf90210a84a303ce
2026-04-10 11:36:59,847 [INFO] Container started successfully
2026-04-10 11:39:58,407 [INFO] Container stopped and removed
