2026-04-10 11:36:34,950 [INFO] Docker container not running — status: offline
2026-04-10 11:36:54,604 [INFO] Starting Docker container in detached mode
2026-04-10 11:37:20,132 [INFO] docker run output: 3be3fb68088ccd87433012b14d43d48ba354ede8854a1e253d6e58cb26bc6887
2026-04-10 11:37:20,233 [WARNING] docker run stderr: Unable to find image 'firefall/cluster_piper_env:v1' locally
v1: Pulling from firefall/cluster_piper_env
7e49dc6156b0: Already exists
f0141529a775: Already exists
8a33ee036c17: Already exists
b077c07b8ae5: Already exists
0f68bb720c68: Already exists
66580f77fd4c: Already exists
09cff80b11e7: Already exists
91d91a7c7692: Already exists
c3fa9edd4f4c: Already exists
46530456e388: Already exists
b0581298a7a3: Already exists
b31a9b9a3bd3: Already exists
785e2c97f95f: Already exists
bdc1fc764c89: Already exists
90ba925920ba: Already exists
9f870436124f: Already exists
732d02a3684c: Already exists
ea4ba0e8c657: Already exists
cb4896ca45fe: Already exists
4db009601e72: Already exists
d2d950dbb8dc: Already exists
405b5893e10b: Already exists
b04bcd5dfdd4: Already exists
1818efcedc38: Already exists
655b1656783c: Already exists
2d75117caf0c: Already exists
e7759762e2a1: Already exists
980afb2860f8: Already exists
7431cb3d81a1: Already exists
fe76251d8bc6: Already exists
9b4134e1dddb: Already exists
271e2093113e: Already exists
fe2b6f1451f3: Already exists
b459cf1d3b83: Already exists
ec13a3472fae: Already exists
badad1de7bf6: Already exists
a503a68d1f4e: Already exists
ae22b881eea8: Already exists
30b3aca2fba0: Already exists
b11be751cc72: Already exists
0fa072c08f46: Already exists
1c3d9effa68f: Already exists
c6edbe778426: Already exists
6083750fc0a7: Pulling fs layer
8ba5436245a3: Pulling fs layer
8ba5436245a3: Verifying Checksum
8ba5436245a3: Download complete
6083750fc0a7: Verifying Checksum
6083750fc0a7: Download complete
6083750fc0a7: Pull complete
8ba5436245a3: Pull complete
Digest: sha256:e0b753ad54496af56d82d9230372960c7281cca6d6ce08818da876588ef0f95c
Status: Downloaded newer image for firefall/cluster_piper_env:v1
2026-04-10 11:37:23,355 [INFO] Container started successfully
2026-04-10 11:39:56,997 [INFO] Container stopped and removed
2026-04-10 11:43:20,575 [INFO] Docker container not running — status: offline
2026-04-10 11:45:04,317 [ERROR] Status check failed: SSH connection closed
2026-04-10 11:45:24,304 [INFO] Docker container not running — status: offline
2026-04-10 12:17:37,214 [INFO] Docker container not running — status: offline
2026-04-10 12:17:52,544 [INFO] Starting Docker container in detached mode
2026-04-10 12:17:53,553 [INFO] docker run output: c934a2d0e34a8235d94167a9171ae543b23428f576e5ea1007c401c0094c8b56
2026-04-10 12:17:56,179 [INFO] Container started successfully
2026-04-10 12:20:06,645 [INFO] Docker container running — status: booted
2026-04-10 12:20:49,822 [INFO] Container stopped and removed
2026-04-10 14:29:17,823 [INFO] Docker container not running — status: offline
2026-04-10 14:29:33,384 [INFO] Starting Docker container in detached mode
2026-04-10 14:29:34,896 [INFO] docker run output: cb5780c98c8be1e1ca14b37183ce61347a01e81dc75367d0b073d27a563ac7b7
2026-04-10 14:29:37,725 [INFO] Container started successfully
2026-04-10 14:36:53,241 [INFO] Container stopped and removed
2026-04-11 16:13:36,480 [INFO] Docker container not running — status: offline
